vim does not run at this point.
see diff file for possible next steps.
